---
source: src/tui/app.rs
expression: "render(&app, 100, 22)"
---
" ▞ paddock   ● 1 running  ✗ 1 down  ○ 1 stopped                                                test "
"┌ Projects ──────────────────────────┐┌ Details ───────────────────────────────────────────────────┐"
"│ shop  1/2 up                       ││ PROJECT                                                    │"
"│  ● web                             ││ Name       shop                                            │"
"│  ○ api                             ││ Folder     /tmp/shop                                       │"
"│                                    ││ Processes  2 (1 running)                                   │"
"│ docs  0/1 up                       ││ Ports      :3000                                           │"
"│  ✗ dev                             ││                                                            │"
"│                                    ││ PROCESS                                                    │"
"│                                    ││ Name       web                                             │"
"│                                    ││ State      ● running                                       │"
"│                                    ││ PID        4242                                            │"
"│                                    ││ Port       none                                            │"
"│                                    ││ Command    run web                                         │"
"│                                    ││ Runs in    /tmp/shop                                       │"
"│                                    ││ From       test fixture                                    │"
"└────────────────────────────────────┘│ Restarts   0                                               │"
"┌ Ports ─────────────────────────────┐│                                                            │"
"│ :3000  shop/web                    ││ i back to logs                                             │"
"│ :5000  ControlCenter pid 812       ││                                                            │"
"└────────────────────────────────────┘└────────────────────────────────────────────────────────────┘"
" ↑↓ move   s start   x stop   r restart   i details   tab panes   a add   , settings   ? help       "
