---
source: src/tui/app.rs
expression: "render(&app, 100, 26)"
---
" ▞ paddock   ● 3 servers in 2 projects                                                         test "
"┌ Running ───────────────────────────┐┌────────────────────────────────────────────────────────────┐"
"│ shop  node                         ││ shop › dev ● running 0s                                    │"
"│  ● dev         :3000     2%  120M  ││ URL      http://localhost:3000                             │"
"│  ● api         :4000     2%  120M  ││ Command  npm run dev                                       │"
"│                                    ││ Folder   /home/me/shop                                     │"
"│ docs  folder                       ││ Process  pid 100 · 3 processes · 2.5% CPU · 120M           │"
"│  ● http.server :8000     2%  120M  │└────────────────────────────────────────────────────────────┘"
"│                                    │┌ Logs ──────────────────────────────────────────────────────┐"
"│                                    ││VITE v8 ready in 201 ms                                     │"
"│                                    ││Error: something broke                                      │"
"│                                    ││                                                            │"
"│                                    ││                                                            │"
"│                                    ││                                                            │"
"│                                    ││                                                            │"
"│                                    ││                                                            │"
"│                                    ││                                                            │"
"│                                    ││                                                            │"
"│                                    ││                                                            │"
"│                                    ││                                                            │"
"└────────────────────────────────────┘│                                                            │"
"┌ Ports ─────────────────────────────┐│                                                            │"
"│ :3000  shop/dev                    ││                                                            │"
"│ :4000  shop/api                    ││                                                            │"
"└────────────────────────────────────┘└────────────────────────────────────────────────────── live ┘"
" ↑↓ move   tab logs   o open   y copy URL   x stop   K kill   , settings   ? help   q quit          "
