---
source: src/tui/app.rs
expression: "render(&app, 100, 26)"
---
" ▞ paddock   ● 3 servers in 2 projects                                                         test "
"┌ Running ───────────────────────────┐┌────────────────────────────────────────────────────────────┐"
"│ shop  node                         ││ shop › api ● running 0s                                    │"
"│  ● dev         :3000     2%  120M  ││ URL      http://localhost:4000                             │"
"│  ● api         :4000     2%  120M  ││ Command  npm run api                                       │"
"│                                    ││ Folder   /home/me/shop                                     │"
"│ docs  folder                       ││ Process  pid 200 · 3 processes · 2.5% CPU · 120M           │"
"│  ● http.server :8000     2%  120M  │└────────────────────────────────────────────────────────────┘"
"│                                    │┌ Logs ──────────────────────────────────────────────────────┐"
"│                                    ││ Started without Paddock, so its output only goes to the    │"
"│                                    ││terminal it runs in. To see its logs here, restart it with: │"
"│                                    ││                                                            │"
"│                                    ││   paddock run npm run api                                  │"
"│                                    ││                                                            │"
"│                                    ││ Press tab Y to copy that command. To capture every dev     │"
"│                                    ││server from now on, add this line to ~/.zshrc once:         │"
"│                                    ││                                                            │"
"│                                    ││   eval "$(paddock init zsh)"                               │"
"│                                    ││                                                            │"
"│                                    ││                                                            │"
"└────────────────────────────────────┘│                                                            │"
"┌ Ports ─────────────────────────────┐│                                                            │"
"│ :3000  shop/dev                    ││                                                            │"
"│ :4000  shop/api                    ││                                                            │"
"└────────────────────────────────────┘└────────────────────────────────────────────────────────────┘"
" ↑↓ move   tab logs   o open   y copy URL   x stop   K kill   , settings   ? help   q quit          "
