---
source: src/tui/app.rs
expression: "render(&app, 100, 24)"
---
" ▞ paddock                                                                                     test "
"┌ Running ───────────────────────────┐┌────────────────────────────────────────────────────────────┐"
"│                                    ││                                                            │"
"│                                    ││                            ▄█▄█                            │"
"│                                    ││                         ▄████▀██▄                          │"
"│                                    ││                        ███████████▄                        │"
"│                                    ││                        ███████▀▀████▄                      │"
"│                                    ││                        ██████    ▀█▄▀                      │"
"│                                    ││                        ██████                              │"
"│                                    ││                                                            │"
"│                                    ││                   No dev servers running                   │"
"│                                    ││                                                            │"
"│                                    ││    Start one in any terminal (npm run dev, cargo run...)   │"
"│                                    ││          and it shows up here within two seconds.          │"
"│                                    ││                                                            │"
"│                                    ││                                                            │"
"│                                    ││                                                            │"
"│                                    ││                                                            │"
"│                                    ││                                                            │"
"└────────────────────────────────────┘│                                                            │"
"┌ Ports ─────────────────────────────┐│                                                            │"
"│                                    ││                                                            │"
"└────────────────────────────────────┘└────────────────────────────────────────────────────────────┘"
" ↑↓ move   o open   y copy URL   x stop   K kill   tab ports   , settings   ? help   q quit         "
