---
source: src/tui/app.rs
expression: "render(&app, 100, 30)"
---
" ▞ paddock   ● 3 servers in 2 projects                                                         test "
"┌ Running ───────────────────────────┐┌ Server ────────────────────────────────────────────────────┐"
"│ shop  node                         ││ shop › dev                                                 │"
"│  ● dev         :3000     2%  120M  ││                                                            │"
"│  ● api         :4000     2%  120M  ││ State     ● running for 0s                                 │"
"│                                    ││ URL       http://localhost:3000                            │"
"│ docs  folder                       ││ Command   npm run dev                                      │"
"│  ● http.server :8000     2%  120M  ││ Folder    /home/me/shop                                    │"
"│           ┌ Keys ────────────────────────────────────────────────────────────────────┐           │"
"│           │ paddock v0.1.0  Every dev server on this machine, in one place           │           │"
"│           │                                                                          │           │"
"│           │ ↑ k       move up                     Y         copy its command         │           │"
"│           │ ↓ j       move down                   ,         settings                 │           │"
"│           │ tab       next pane                   ?         help                     │K kill     │"
"│           │ shift+tab previous pane               q         quit                     │           │"
"│           │ x         stop the server             enter     go to server / confirm   │           │"
"│           │ K         kill it now (or the port)   esc       back / cancel            │           │"
"│           │ o         open in the browser         ctrl+c    quit, always             │           │"
"│           │ y         copy its URL                                                   │           │"
"│           │                                                                          │           │"
"│           │ Data: test. Yellow ports belong to other programs.                       │           │"
"│           │ Change keys and theme in settings (,). Any key closes this.              │           │"
"│           └──────────────────────────────────────────────────────────────────────────┘           │"
"│                                    ││                                                            │"
"└────────────────────────────────────┘│                                                            │"
"┌ Ports ─────────────────────────────┐│                                                            │"
"│ :3000  shop/dev                    ││                                                            │"
"│ :5000  ControlCenter pid 812       ││                                                            │"
"└────────────────────────────────────┘└────────────────────────────────────────────────────────────┘"
" ↑↓ move   o open   y copy URL   x stop   K kill   tab ports   , settings   ? help   q quit         "
