---
source: src/tui/app.rs
expression: "render(&app(), 100, 24)"
---
" ▞ paddock   ● 3 servers in 2 projects                                                         test "
"┌ Running ───────────────────────────┐┌ Server ────────────────────────────────────────────────────┐"
"│ shop  node                         ││ shop › dev                                                 │"
"│  ● dev         :3000     2%  120M  ││                                                            │"
"│  ● api         :4000     2%  120M  ││ State     ● running for 0s                                 │"
"│                                    ││ URL       http://localhost:3000                            │"
"│ docs  folder                       ││ Command   npm run dev                                      │"
"│  ● http.server :8000     2%  120M  ││ Folder    /home/me/shop                                    │"
"│                                    ││ PID       100                                              │"
"│                                    ││ Processes 3 (this one and 2 below it)                      │"
"│                                    ││ CPU       2.5%                                             │"
"│                                    ││ Memory    120M                                             │"
"│                                    ││                                                            │"
"│                                    ││ o open   y copy URL   Y copy command   x stop   K kill     │"
"│                                    ││                                                            │"
"│                                    ││ Its logs stay in the terminal that started it.             │"
"│                                    ││                                                            │"
"│                                    ││                                                            │"
"└────────────────────────────────────┘│                                                            │"
"┌ Ports ─────────────────────────────┐│                                                            │"
"│ :3000  shop/dev                    ││                                                            │"
"│ :5000  ControlCenter pid 812       ││                                                            │"
"└────────────────────────────────────┘└────────────────────────────────────────────────────────────┘"
" ↑↓ move   o open   y copy URL   x stop   K kill   tab ports   , settings   ? help   q quit         "
