---
source: src/tui/app.rs
expression: "render(&app, 100, 22)"
---
" paddock   ● 1 running  ✗ 1 crashed  ○ 1 stopped                                               test "
"┌ Projects ──────────────────────────────┐┌ shop › web ● running $ run web ────────────────────────┐"
"│ shop  1/2 up                           ││line 13                                                 │"
"│   ● web                                ││line 14                                                 │"
"│   ○ api                                ││line 15                                                 │"
"│                                        ││line 16                                                 │"
"│ docs  0/1 up                           ││line 17                                                 │"
"│   ✗ dev                                ││line 18                                                 │"
"│                                        ││line 19                                                 │"
"│                                        ││line 20                                                 │"
"│                                        ││line 21                                                 │"
"│                                        ││line 22                                                 │"
"│                                        ││line 23                                                 │"
"│                                        ││line 24                                                 │"
"│                                        ││line 25                                                 │"
"│                                        ││line 26                                                 │"
"│                                        ││line 27                                                 │"
"└────────────────────────────────────────┘│line 28                                                 │"
"┌ Ports ─────────────────────────────────┐│line 29                                                 │"
"│ :5000  ControlCenter pid 812 · not ours││Error: something broke                                  │"
"└────────────────────────────────────────┘└───────────────────────────────────────────── following ┘"
" ↑↓ move   s start   x stop   r restart   PgUp/PgDn scroll   ? help   q quit                        "
