---
source: src/tui/app.rs
expression: "render(&app, 100, 36)"
---
" ▞ paddock   ● 1 running  ✗ 1 down  ○ 1 stopped                                                test "
"┌ Projects ──────────────────────────┐┌ shop › web ● running ──────────────────────────────────────┐"
"│ shop  1/2 up                       ││Waiting for output...                                       │"
"│  ● web                             ││                                                            │"
"│  ○ api                             ││                                                            │"
"│                                    ││                                                            │"
"│ docs  0/1 up                       ││                                                            │"
"│  ✗ dev                             ││                                                            │"
"│           ┌ Keys ────────────────────────────────────────────────────────────────────┐           │"
"│           │ paddock v0.1.0  A terminal workspace for your dev servers                │           │"
"│           │                                                                          │           │"
"│           │ ↑ k       move up                     Y         copy all logs            │           │"
"│           │ ↓ j       move down                   pgup u    page up                  │           │"
"│           │ tab       next pane                   pgdn d    page down                │           │"
"│           │ shift+tab previous pane               end G     jump to newest line      │           │"
"│           │ s         start process               a         add a project folder     │           │"
"│           │ x         stop process                D         remove project from list │           │"
"│           │ r         restart process             ,         settings                 │           │"
"│           │ K         kill now (or port owner)    ?         help                     │           │"
"│           │ p         change port                 q         quit                     │           │"
"│           │ m         move to another project     enter     open logs / confirm      │           │"
"│           │ i         toggle details              esc       back / cancel            │           │"
"│           │ v         select lines                ctrl+c    quit, always             │           │"
"│           │ y         copy line or selection                                         │           │"
"│           │                                                                          │           │"
"│           │ Data: test. Yellow ports were not started by Paddock.                    │           │"
"│           │ Change keys and theme in settings (,). Any key closes this.              │           │"
"│           └──────────────────────────────────────────────────────────────────────────┘           │"
"│                                    ││                                                            │"
"│                                    ││                                                            │"
"└────────────────────────────────────┘│                                                            │"
"┌ Ports ─────────────────────────────┐│                                                            │"
"│ :3000  shop/web                    ││                                                            │"
"│ :5000  ControlCenter pid 812       ││                                                            │"
"└────────────────────────────────────┘└───────────────────────────────────────────────── following ┘"
" ↑↓ move   s start   x stop   r restart   i details   tab panes   a add   , settings   ? help       "
