---
source: src/tui/splash.rs
expression: "frame(2000, 40, 16)"
---
"                                        "
"                                        "
"                  ▄█▄█                  "
"               ▄████▀██▄                "
"              ███████████▄              "
"              ███████▀▀████▄            "
"              ██████    ▀█▄▀            "
"              ██████                    "
"                                        "
"              p a d d o c k             "
"     ╫─────╫─────╫─────╫─────╫─────     "
"                                        "
"Every dev server on this machine, in one"
"         v0.2.0   press any key         "
"                                        "
"                                        "
