---
source: src/tui/app.rs
expression: "render(&app, 100, 24)"
---
" paddock   ● 1 running  ✗ 1 crashed  ○ 1 stopped                                               test "
"┌ Projects ──────────────────────────────┐┌ shop › web ● running $ run web ────────────────────────┐"
"│ shop  1/2 up                           ││Waiting for output...                                   │"
"│   ● web                                ││                                                        │"
"│   ○ api              ┌ Keys ──────────────────────────────────────────────┐                      │"
"│                      │                                                    │                      │"
"│ docs  0/1 up         │  ↑ k       select previous process                 │                      │"
"│   ✗ dev              │  ↓ j       select next process                     │                      │"
"│                      │  s         start the selected process              │                      │"
"│                      │  x         stop the selected process               │                      │"
"│                      │  r         restart the selected process            │                      │"
"│                      │  PgUp u    scroll logs up                          │                      │"
"│                      │  PgDn d    scroll logs down                        │                      │"
"│                      │  End G     jump to the newest log line             │                      │"
"│                      │  ?         show or hide this help                  │                      │"
"│                      │  q Esc     quit (Esc closes help first)            │                      │"
"│                      │                                                    │                      │"
"│                      │  Data: test.                                       │                      │"
"│                      │  Press ? or Esc to close.                          │                      │"
"└──────────────────────└────────────────────────────────────────────────────┘                      │"
"┌ Ports ─────────────────────────────────┐│                                                        │"
"│                                        ││                                                        │"
"└────────────────────────────────────────┘└───────────────────────────────────────────── following ┘"
" ↑↓ move   s start   x stop   r restart   PgUp/PgDn scroll   ? help   q quit                        "
