---
source: src/tui/app.rs
expression: "render(&app, 100, 24)"
---
" ▞ paddock                                                                                     test "
"┌ Running ───────────────────────────┐┌────────────────────────────────────────────────────────────┐"
"│                                    ││                                                            │"
"│                                    ││                            ▄█▄█                            │"
"│                                    ││                         ▄████▀██▄                          │"
"│                                    ││                        ███████████▄                        │"
"│                                    ││                        ███████▀▀████▄                      │"
"│                                    ││                        ██████    ▀█▄▀                      │"
"│                                    ││                        ██████                              │"
"│                                    ││                                                            │"
"│                                    ││                   No dev servers running                   │"
"│                                    ││                                                            │"
"│                                    ││    Start one in any terminal (npm run dev, cargo run...)   │"
"│                                    ││          and it shows up here within two seconds.          │"
"│                                    ││                                                            │"
"│                                    ││    To see its logs here too, start it with paddock run,    │"
"│                                    ││    or add  eval "$(paddock init zsh)"  to ~/.zshrc once.   │"
"│                                    ││                                                            │"
"│                                    ││                                                            │"
"└────────────────────────────────────┘│                                                            │"
"┌ Ports ─────────────────────────────┐│                                                            │"
"│                                    ││                                                            │"
"└────────────────────────────────────┘└────────────────────────────────────────────────────────────┘"
" ↑↓ move   tab logs   o open   y copy URL   x stop   K kill   , settings   ? help   q quit          "
